00:00 +0: loading C:/Workspace/MindEase_Focus_FINAL_PRO/test/features/profile/presentation/pages/profile_page_test.dart
test/features/profile/presentation/pages/profile_page_test.dart:40:72: Error: Undefined name 'InterfaceComplexity'.
    when(() => mockProfilePreferencesController.complexity).thenReturn(InterfaceComplexity.medium);
                                                                       ^^^^^^^^^^^^^^^^^^^
00:00 +0 -1: loading C:/Workspace/MindEase_Focus_FINAL_PRO/test/features/profile/presentation/pages/profile_page_test.dart [E]
  Failed to load "C:/Workspace/MindEase_Focus_FINAL_PRO/test/features/profile/presentation/pages/profile_page_test.dart":
  Compilation failed for testPath=C:/Workspace/MindEase_Focus_FINAL_PRO/test/features/profile/presentation/pages/profile_page_test.dart: test/features/profile/presentation/pages/profile_page_test.dart:40:72: Error: Undefined name 'InterfaceComplexity'.
      when(() => mockProfilePreferencesController.complexity).thenReturn(InterfaceComplexity.medium);
                                                                         ^^^^^^^^^^^^^^^^^^^
  .
00:00 +0 -1: Some tests failed.
